// Jest Snapshot v1, https://goo.gl/fbAQLP

exports[`command creates commandChannel unsuccessfully 1`] = `"Failed to execute 'command': first argument must be an Array with at least one element."`;

exports[`command creates commandChannel unsuccessfully 2`] = `"Failed to execute 'command': first argument must be an Array with at least one element."`;
