// Jest Snapshot v1, https://goo.gl/fbAQLP

exports[`take should create take channel unsuccessful 1`] = `"Failed to execute 'take': first argument must be an Array with at least one element."`;

exports[`take should create take channel unsuccessful 2`] = `"Failed to execute 'take': first argument must be an Array with at least one element."`;

exports[`take should create take channel unsuccessful 3`] = `"Failed to execute 'take': first argument must be an Array with at least one element."`;

exports[`take should create take channel unsuccessful 4`] = `"Failed to execute 'take': second argument must be a string."`;

exports[`take should create take channel unsuccessful 5`] = `"Failed to execute 'take': second argument must be a string."`;
